2026/10/06 18:42:17 http: panic serving 10.0.3.27:51544: runtime error: index out of range [3] with length 3
goroutine 4187 [running]:
net/http.(*conn).serve.func1()
	/usr/local/go/src/net/http/server.go:1947 +0xbe
panic({0x7b2f40?, 0xc000216018?})
	/usr/local/go/src/runtime/panic.go:792 +0x132
nitro.dev/roteirizador/internal/entrega.(*Rota).ProximaParada(0xc0001a4060, 0x1)
	/app/internal/entrega/rota.go:28 +0x125
main.proxima({0x8c6c58, 0xc0002c80e0}, 0xc0002b0140)
	/app/cmd/roteirizador/main.go:22 +0x1a5
net/http.HandlerFunc.ServeHTTP(0xc0002b0000?, {0x8c6c58?, 0xc0002c80e0?}, 0x4f3a2d?)
	/usr/local/go/src/net/http/server.go:2294 +0x29
net/http.(*ServeMux).ServeHTTP(0x0?, {0x8c6c58, 0xc0002c80e0}, 0xc0002b0140)
	/usr/local/go/src/net/http/server.go:2822 +0x1c4
net/http.serverHandler.ServeHTTP({0xc0001b2000?}, {0x8c6c58?, 0xc0002c80e0?}, 0x6?)
	/usr/local/go/src/net/http/server.go:3301 +0x8e
net/http.(*conn).serve(0xc0001ca000, {0x8c7170, 0xc000196000})
	/usr/local/go/src/net/http/server.go:2102 +0x625
created by net/http.(*Server).Serve in goroutine 1
	/usr/local/go/src/net/http/server.go:3454 +0x485
2026/10/06 18:42:19 GET /v1/motoboys/12/proxima?atual=1 -> 200 (rota com 4 paradas)
2026/10/06 18:42:23 GET /v1/motoboys/31/proxima?atual=1 -> panic (rota com 3 paradas, todas entregues)
