2026-10-06T14:00:32-03:00 INFO  http method=POST path=/v1/pedidos status=204 dur=643ms req_id=8654df9e
2026-10-06T14:01:07-03:00 ERROR http method=GET path=/v1/motoboys/877/proxima status=500 dur=8711ms req_id=1dd2a4d9
2026-10-06T14:01:07-03:00 ERROR db: pq: canceling statement due to statement timeout req_id=41e1d6f6
2026-10-06T14:01:37-03:00 INFO  http method=GET path=/v1/entregas status=200 dur=90ms req_id=29dad220
2026-10-06T14:02:09-03:00 ERROR http method=GET path=/v1/pedidos?page=9 status=500 dur=3063ms req_id=2ec10443
2026-10-06T14:02:17-03:00 WARN  http method=GET path=/v1/pedidos/333 status=404 dur=235ms req_id=09da7a1c
2026-10-06T14:02:50-03:00 INFO  http method=GET path=/v1/motoboys/100/proxima status=200 dur=673ms req_id=359e862b
2026-10-06T14:02:57-03:00 INFO  http method=POST path=/v1/pedidos status=200 dur=733ms req_id=ca6eb5c4
2026-10-06T14:03:36-03:00 WARN  http method=GET path=/v1/motoboys/794/proxima status=404 dur=596ms req_id=09b69fe1
2026-10-06T14:03:56-03:00 INFO  http method=GET path=/v1/pedidos status=204 dur=135ms req_id=f8ffe990
2026-10-06T14:04:04-03:00 WARN  http method=GET path=/v1/pedidos/640 status=401 dur=497ms req_id=4d1344f5
2026-10-06T14:04:14-03:00 ERROR http method=GET path=/v1/motoboys/172/proxima status=500 dur=25530ms req_id=71cb5430
2026-10-06T14:04:52-03:00 INFO  http method=GET path=/v1/motoboys/216/proxima status=200 dur=627ms req_id=4121f5b1
2026-10-06T14:04:59-03:00 INFO  http method=GET path=/v1/entregas status=200 dur=427ms req_id=b5d6d507
2026-10-06T14:05:11-03:00 INFO  http method=GET path=/v1/pedidos?page=3 status=201 dur=709ms req_id=6eac8f74
2026-10-06T14:05:22-03:00 INFO  http method=GET path=/v1/pedidos/603 status=200 dur=426ms req_id=7cac91c6
2026-10-06T14:06:00-03:00 INFO  http method=GET path=/v1/entregas status=200 dur=58ms req_id=e6d78fe1
2026-10-06T14:06:19-03:00 WARN  http method=GET path=/v1/motoboys/165/proxima status=400 dur=604ms req_id=8d75c117
2026-10-06T14:06:52-03:00 INFO  http method=GET path=/v1/motoboys/185/proxima status=201 dur=808ms req_id=e770eb9c
2026-10-06T14:07:11-03:00 INFO  http method=GET path=/v1/entregas status=201 dur=141ms req_id=7ba2ae30
2026-10-06T14:07:12-03:00 INFO  http method=GET path=/healthz status=200 dur=577ms req_id=704d5771
2026-10-06T14:07:40-03:00 ERROR http method=GET path=/v1/pedidos/743 status=502 dur=11101ms req_id=030db9db
2026-10-06T14:07:40-03:00 ERROR db: pq: canceling statement due to statement timeout req_id=09d4bad9
2026-10-06T14:08:16-03:00 INFO  http method=GET path=/v1/pedidos/373 status=204 dur=472ms req_id=814de68d
2026-10-06T14:08:50-03:00 WARN  http method=GET path=/v1/pedidos status=401 dur=706ms req_id=be0b3bac
2026-10-06T14:08:55-03:00 INFO  http method=GET path=/v1/motoboys/283/proxima status=201 dur=377ms req_id=067a76e0
2026-10-06T14:09:34-03:00 INFO  http method=GET path=/v1/pedidos status=200 dur=355ms req_id=29ab649f
2026-10-06T14:10:02-03:00 INFO  http method=GET path=/healthz status=200 dur=590ms req_id=bc038cea
2026-10-06T14:10:33-03:00 INFO  http method=GET path=/healthz status=200 dur=101ms req_id=42ab7824
2026-10-06T14:11:08-03:00 INFO  http method=GET path=/healthz status=200 dur=81ms req_id=6ae66b0f
2026-10-06T14:11:25-03:00 INFO  http method=GET path=/v1/pedidos/629 status=200 dur=279ms req_id=e52e73b4
2026-10-06T14:11:58-03:00 INFO  http method=GET path=/v1/pedidos status=200 dur=273ms req_id=f2440541
2026-10-06T14:12:14-03:00 INFO  http method=GET path=/v1/pedidos/351 status=201 dur=391ms req_id=1f4df2c0
2026-10-06T14:12:15-03:00 INFO  http method=GET path=/v1/pedidos/765 status=200 dur=729ms req_id=c47f3531
2026-10-06T14:12:21-03:00 INFO  http method=GET path=/v1/pedidos/506 status=200 dur=214ms req_id=b0713a3f
2026-10-06T14:12:36-03:00 INFO  http method=GET path=/v1/entregas status=200 dur=451ms req_id=bcaed7a8
2026-10-06T14:12:45-03:00 INFO  http method=POST path=/v1/pedidos?page=5 status=200 dur=63ms req_id=9c64e9d6
2026-10-06T14:13:13-03:00 WARN  http method=GET path=/v1/pedidos?page=9 status=422 dur=414ms req_id=5db8e7d7
2026-10-06T14:13:37-03:00 INFO  http method=GET path=/v1/pedidos status=204 dur=257ms req_id=ccd9c213
2026-10-06T14:13:59-03:00 WARN  http method=GET path=/v1/pedidos/907 status=422 dur=315ms req_id=06963c69
2026-10-06T14:14:13-03:00 ERROR http method=GET path=/v1/entregas status=502 dur=7683ms req_id=ab46dd7b
2026-10-06T14:14:13-03:00 ERROR db: pq: canceling statement due to statement timeout req_id=38d7b3a2
2026-10-06T14:14:32-03:00 INFO  http method=GET path=/v1/pedidos?page=4 status=200 dur=676ms req_id=78c97069
2026-10-06T14:14:57-03:00 INFO  http method=GET path=/v1/motoboys/166/proxima status=201 dur=730ms req_id=eaa20d8a
2026-10-06T14:15:03-03:00 INFO  http method=GET path=/v1/motoboys/872/proxima status=200 dur=523ms req_id=45b7cbee
2026-10-06T14:15:11-03:00 ERROR http method=GET path=/v1/motoboys/686/proxima status=500 dur=15703ms req_id=dfbd540a
2026-10-06T14:15:11-03:00 ERROR db: pq: canceling statement due to statement timeout req_id=1909c276
2026-10-06T14:15:37-03:00 INFO  http method=GET path=/v1/motoboys/211/proxima status=200 dur=522ms req_id=1396983e
2026-10-06T14:16:09-03:00 INFO  http method=POST path=/v1/login status=200 dur=703ms req_id=e2c6ad9e
2026-10-06T14:16:25-03:00 ERROR http method=GET path=/v1/pedidos/828 status=500 dur=6146ms req_id=87cab4d9
2026-10-06T14:16:25-03:00 ERROR db: pq: canceling statement due to statement timeout req_id=ac28be93
2026-10-06T14:16:44-03:00 WARN  http method=GET path=/v1/pedidos/399 status=404 dur=753ms req_id=b05d041d
2026-10-06T14:17:19-03:00 INFO  http method=GET path=/v1/entregas status=200 dur=16ms req_id=302ee1d1
2026-10-06T14:17:26-03:00 INFO  http method=GET path=/v1/entregas status=201 dur=36ms req_id=fe3cbf45
2026-10-06T14:17:47-03:00 INFO  http method=GET path=/v1/pedidos/178 status=200 dur=367ms req_id=f9cf20f2
2026-10-06T14:18:02-03:00 INFO  http method=GET path=/v1/pedidos/508 status=200 dur=159ms req_id=af053aac
2026-10-06T14:18:37-03:00 INFO  http method=GET path=/healthz status=200 dur=589ms req_id=8ac53bb9
2026-10-06T14:19:02-03:00 INFO  http method=GET path=/v1/pedidos?page=9 status=200 dur=858ms req_id=96dbf542
2026-10-06T14:19:33-03:00 INFO  http method=GET path=/v1/entregas status=200 dur=870ms req_id=2360b8fa
2026-10-06T14:20:03-03:00 INFO  http method=GET path=/v1/entregas status=200 dur=870ms req_id=13692db4
2026-10-06T14:20:12-03:00 INFO  http method=GET path=/v1/entregas status=204 dur=51ms req_id=55f0a730
2026-10-06T14:20:15-03:00 ERROR http method=GET path=/v1/pedidos status=500 dur=18000ms req_id=01c57e00
2026-10-06T14:20:29-03:00 INFO  http method=GET path=/v1/pedidos status=200 dur=606ms req_id=24e2b327
2026-10-06T14:20:54-03:00 WARN  http method=POST path=/v1/pedidos status=404 dur=124ms req_id=62922182
2026-10-06T14:21:25-03:00 INFO  http method=GET path=/healthz status=200 dur=874ms req_id=98bcdf2a
2026-10-06T14:21:38-03:00 INFO  http method=GET path=/v1/pedidos?page=3 status=204 dur=126ms req_id=435b4162
2026-10-06T14:22:01-03:00 INFO  http method=GET path=/v1/pedidos/474 status=201 dur=453ms req_id=02b6864a
2026-10-06T14:22:16-03:00 INFO  http method=POST path=/v1/pedidos?page=6 status=200 dur=412ms req_id=d1dd918a
2026-10-06T14:22:48-03:00 INFO  http method=GET path=/v1/entregas status=200 dur=359ms req_id=a7db3848
2026-10-06T14:22:59-03:00 WARN  http method=GET path=/v1/motoboys/549/proxima status=404 dur=75ms req_id=5506cdd7
2026-10-06T14:23:00-03:00 INFO  http method=GET path=/healthz status=200 dur=157ms req_id=996481ac
2026-10-06T14:23:04-03:00 INFO  http method=GET path=/v1/entregas status=200 dur=801ms req_id=e5670ea9
2026-10-06T14:23:37-03:00 WARN  http method=POST path=/v1/pedidos status=404 dur=445ms req_id=f488f981
2026-10-06T14:24:03-03:00 INFO  http method=GET path=/v1/entregas status=200 dur=398ms req_id=ba769eeb
2026-10-06T14:24:24-03:00 INFO  http method=GET path=/v1/pedidos/464 status=200 dur=626ms req_id=6656f05a
2026-10-06T14:25:04-03:00 INFO  http method=GET path=/v1/pedidos status=200 dur=428ms req_id=e21de880
2026-10-06T14:25:14-03:00 INFO  http method=GET path=/v1/pedidos?page=5 status=200 dur=133ms req_id=d3c1cf2c
2026-10-06T14:25:42-03:00 INFO  http method=GET path=/v1/pedidos/246 status=201 dur=728ms req_id=7545ff02
2026-10-06T14:26:15-03:00 WARN  http method=POST path=/v1/login status=409 dur=210ms req_id=5f87acfe
2026-10-06T14:26:48-03:00 WARN  http method=GET path=/v1/pedidos/779 status=422 dur=792ms req_id=4cb3483a
2026-10-06T14:26:53-03:00 INFO  http method=GET path=/v1/pedidos?page=6 status=200 dur=163ms req_id=d0643070
2026-10-06T14:26:55-03:00 INFO  http method=GET path=/v1/entregas status=200 dur=788ms req_id=25630321
2026-10-06T14:27:01-03:00 WARN  http method=POST path=/v1/pedidos status=401 dur=862ms req_id=d9f125e4
2026-10-06T14:27:10-03:00 INFO  http method=GET path=/v1/pedidos/102 status=201 dur=174ms req_id=74dcec27
2026-10-06T14:27:40-03:00 WARN  http method=GET path=/v1/pedidos status=409 dur=470ms req_id=cf190177
2026-10-06T14:28:20-03:00 INFO  http method=GET path=/v1/entregas status=200 dur=606ms req_id=325961cf
2026-10-06T14:28:36-03:00 INFO  http method=GET path=/v1/motoboys/307/proxima status=200 dur=382ms req_id=9548a58f
2026-10-06T14:28:59-03:00 INFO  http method=GET path=/v1/pedidos/824 status=204 dur=672ms req_id=4b6483bf
2026-10-06T14:29:05-03:00 INFO  http method=GET path=/v1/entregas status=200 dur=722ms req_id=b4191a90
2026-10-06T14:29:40-03:00 ERROR http method=GET path=/v1/entregas status=500 dur=9487ms req_id=e1a6dc60
2026-10-06T14:30:19-03:00 INFO  http method=GET path=/v1/pedidos/247 status=200 dur=446ms req_id=cc2d2c31
2026-10-06T14:30:54-03:00 INFO  http method=POST path=/v1/pedidos status=201 dur=889ms req_id=c391836b
2026-10-06T14:31:33-03:00 WARN  http method=GET path=/v1/entregas status=422 dur=419ms req_id=6c2ddca5
2026-10-06T14:31:39-03:00 INFO  http method=GET path=/v1/motoboys/208/proxima status=200 dur=142ms req_id=8b2f7c47
2026-10-06T14:31:51-03:00 INFO  http method=GET path=/healthz status=200 dur=344ms req_id=fe550e51
2026-10-06T14:31:59-03:00 INFO  http method=GET path=/v1/entregas status=201 dur=533ms req_id=ee7259c1
2026-10-06T14:32:37-03:00 WARN  http method=GET path=/v1/pedidos?page=9 status=422 dur=627ms req_id=f3c8765c
2026-10-06T14:33:16-03:00 INFO  http method=GET path=/healthz status=200 dur=557ms req_id=d89a3e4f
2026-10-06T14:33:31-03:00 INFO  http method=POST path=/v1/pedidos status=204 dur=826ms req_id=f69d5157
2026-10-06T14:34:02-03:00 INFO  http method=GET path=/v1/pedidos status=200 dur=599ms req_id=827c2047
2026-10-06T14:34:05-03:00 INFO  http method=GET path=/v1/pedidos/437 status=204 dur=461ms req_id=8e4a7719
2026-10-06T14:34:42-03:00 INFO  http method=GET path=/v1/entregas status=204 dur=571ms req_id=adcec258
2026-10-06T14:34:52-03:00 INFO  http method=GET path=/v1/pedidos status=200 dur=818ms req_id=d5c4caed
2026-10-06T14:35:32-03:00 INFO  http method=POST path=/v1/login status=204 dur=374ms req_id=9028d9be
2026-10-06T14:35:54-03:00 WARN  http method=GET path=/v1/entregas status=401 dur=286ms req_id=97f24d30
2026-10-06T14:35:57-03:00 INFO  http method=GET path=/v1/motoboys/618/proxima status=200 dur=624ms req_id=6a5a1e6b
2026-10-06T14:36:35-03:00 WARN  http method=GET path=/v1/pedidos/348 status=400 dur=889ms req_id=cd5a87e2
2026-10-06T14:37:01-03:00 WARN  http method=GET path=/v1/pedidos status=422 dur=371ms req_id=def6e49a
2026-10-06T14:37:11-03:00 ERROR http method=GET path=/v1/pedidos?page=5 status=504 dur=26236ms req_id=07076c4b
2026-10-06T14:37:24-03:00 INFO  http method=GET path=/v1/pedidos status=200 dur=561ms req_id=30489582
2026-10-06T14:37:40-03:00 INFO  http method=GET path=/v1/motoboys/389/proxima status=200 dur=440ms req_id=b4d61b62
2026-10-06T14:38:07-03:00 INFO  http method=GET path=/v1/pedidos/231 status=200 dur=346ms req_id=75212667
2026-10-06T14:38:33-03:00 INFO  http method=GET path=/v1/pedidos/780 status=204 dur=318ms req_id=bffd0838
2026-10-06T14:38:35-03:00 INFO  http method=GET path=/v1/motoboys/226/proxima status=200 dur=894ms req_id=031f1cfa
2026-10-06T14:39:00-03:00 INFO  http method=GET path=/v1/entregas status=200 dur=356ms req_id=fbea1d6d
2026-10-06T14:39:34-03:00 INFO  http method=GET path=/v1/pedidos status=201 dur=41ms req_id=e155956e
2026-10-06T14:40:02-03:00 INFO  http method=GET path=/healthz status=200 dur=494ms req_id=2bf6b4e7
2026-10-06T14:40:34-03:00 INFO  http method=GET path=/v1/entregas status=200 dur=838ms req_id=76a7426b
2026-10-06T14:40:56-03:00 INFO  http method=POST path=/v1/pedidos status=201 dur=540ms req_id=72a1404f
2026-10-06T14:40:57-03:00 INFO  http method=GET path=/v1/entregas status=200 dur=742ms req_id=5b8e0476
2026-10-06T14:41:24-03:00 INFO  http method=GET path=/v1/pedidos/297 status=200 dur=730ms req_id=eaf54968
2026-10-06T14:41:55-03:00 INFO  http method=POST path=/v1/login status=201 dur=424ms req_id=07a5ec96
2026-10-06T14:42:30-03:00 INFO  http method=GET path=/v1/pedidos?page=2 status=200 dur=540ms req_id=b6b945b1
2026-10-06T14:42:43-03:00 INFO  http method=GET path=/v1/entregas status=204 dur=102ms req_id=1b0871ed
2026-10-06T14:43:14-03:00 ERROR http method=GET path=/v1/motoboys/929/proxima status=502 dur=16944ms req_id=37600980
